// Jest Snapshot v1, https://goo.gl/fbAQLP

exports[`TrackList renders list of tracks 1`] = `
<div>
  <div
    class="root"
  >
    <div
      class="root"
    >
      <div>
        <a
          href="https://soundcloud.com/user2835985"
          rel="noopener noreferrer"
          target="_blank"
        >
          Bob
        </a>
      </div>
      <div>
        Hello World
      </div>
      <div />
      <div>
        <a
          href=""
          rel="noopener noreferrer"
          target="_blank"
        >
          Permalink
        </a>
      </div>
      <div
        class="actions"
      />
    </div>
    <div
      class="root"
    >
      <div>
        <a
          href="https://soundcloud.com/user2835985"
          rel="noopener noreferrer"
          target="_blank"
        >
          Bob
        </a>
      </div>
      <div>
        Hello World
      </div>
      <div />
      <div>
        <a
          href=""
          rel="noopener noreferrer"
          target="_blank"
        >
          Permalink
        </a>
      </div>
      <div
        class="actions"
      />
    </div>
  </div>
</div>
`;
