// Jest Snapshot v1, https://goo.gl/fbAQLP

exports[`Player renders track details 1`] = `
<div>
  <div
    class="root"
  >
    <form>
      <label
        for="track-input"
      >
        SoundCloud track URL
        <input
          class="input"
          id="track-input"
          type="text"
          value=""
        />
      </label>
      <button
        class="root"
        title=""
        type="submit"
      >
        Load song
      </button>
    </form>
    <div />
    <div
      class="root"
    >
      <img
        alt="Hello World artwork"
        class="thumbnail"
        src=""
      />
      <div
        class="details"
      >
        <div>
          Bob
        </div>
        <div>
          Hello World
        </div>
        <div />
      </div>
    </div>
    <audio
      autoplay=""
      controls=""
      crossorigin="anonymous"
      src=""
    >
      Your browser does not support the HTML5 audio element.
    </audio>
    <footer
      class="footer"
    >
      <a
        href="https://github.com/PakkuDon/SoundCloudVisualizer"
      >
        Source code on GitHub
      </a>
    </footer>
  </div>
</div>
`;
