// Jest Snapshot v1, https://goo.gl/fbAQLP

exports[`TrackInformation renders track information 1`] = `
<div>
  <div
    class="root"
  >
    <img
      alt="Hello World artwork"
      class="thumbnail"
      src=""
    />
    <div
      class="details"
    >
      <div>
        Bob
      </div>
      <div>
        Hello World
      </div>
      <div />
    </div>
  </div>
</div>
`;
