// Jest Snapshot v1, https://goo.gl/fbAQLP

exports[`Sidebar renders children 1`] = `
<div>
  <div
    class="root"
    data-testid="sidebar"
  >
    <div
      class="sidebarWrapper"
    >
      <div>
        Hello world
      </div>
    </div>
    <button
      class="toggleSidebar"
      title="Toggle sidebar"
    >
      ◀
    </button>
  </div>
</div>
`;
