// Jest Snapshot v1, https://goo.gl/fbAQLP

exports[`TrackListItem renders track information 1`] = `
<div>
  <div
    class="root"
  >
    <div>
      Bob
    </div>
    <div>
      Hello World
    </div>
    <div />
    <div>
      <a
        href=""
        rel="noopener noreferrer"
        target="_blank"
      >
        Permalink
      </a>
    </div>
    <div
      class="actions"
    />
  </div>
</div>
`;
